exports[`mutations should addEntry 1`] = `
Object {
  "creator": Object {
    "name": null,
  },
  "motor": 2,
  "participations": Array [
    Object {
      "boat": Object {
        "id": "1235",
      },
      "entry": Object {
        "text": "entry text",
      },
      "user": Object {
        "id": "1234",
      },
    },
  ],
  "sailed": 1,
  "text": "entry text",
}
`;

exports[`mutations should create a new group 1`] = `
Object {
  "data": Object {
    "group1": Object {
      "boats": Array [],
      "is_club": true,
      "memberships": Array [
        Object {
          "user": Object {
            "name": null,
          },
        },
      ],
      "name": "Group 1",
    },
    "group2": Object {
      "boats": Array [],
      "is_club": false,
      "memberships": Array [
        Object {
          "user": Object {
            "name": null,
          },
        },
      ],
      "name": "Group 1",
    },
  },
}
`;

exports[`query should fetch all groups 1`] = `
Object {
  "data": Object {
    "groups": Array [
      Object {
        "is_club": true,
        "name": "club 1",
      },
      Object {
        "is_club": false,
        "name": "club 2",
      },
    ],
  },
}
`;

exports[`query should query me 1`] = `
Object {
  "data": Object {
    "me": Object {
      "availableBoats": Array [],
      "email": "test@test.de",
      "memberships": Array [],
      "participations": Array [],
    },
  },
}
`;

exports[`query should work with OwnerInterface 1`] = `
Object {
  "data": Object {
    "me": Object {
      "availableBoats": Array [
        Object {
          "id": "1237",
          "owner": Object {
            "name": null,
          },
        },
        Object {
          "id": "1238",
          "owner": Object {
            "is_club": true,
          },
        },
      ],
    },
  },
}
`;
